// Vitest Snapshot v1, https://vitest.dev/guide/snapshot.html

exports[`Navigation component > should match snapshot 1`] = `
<DocumentFragment>
  <div
    class="sc-jbAkgO gpPZIG"
  >
    <button
      disabled=""
    >
      Previous
    </button>
    <button
      disabled=""
    >
      Next
    </button>
  </div>
</DocumentFragment>
`;
