// Vitest Snapshot v1, https://vitest.dev/guide/snapshot.html

exports[`DetailsView component > should match snapshot 1`] = `
<DocumentFragment>
  <div
    class="sc-fLDLck kxCmhJ"
  >
    <picture
      class="sc-dycHyt xCvTA"
    >
      <img />
    </picture>
    <span />
    <span
      style="text-align: center;"
    />
    <span>
      Price: 
    </span>
    <div
      class="sc-jbAkgO gpPZIG"
    >
      <button>
        Go back
      </button>
    </div>
  </div>
</DocumentFragment>
`;
